British Parliamentary                                                      3 / 9
╭──────────────────────────────────────────────────────────────────────────────╮
│ Vůdce opozice · OO 1                                                  ▶ běží │
│                                                                              │
│             ████████████            ████████████    ████████████             │
│             ████████████            ████████████    ████████████             │
│             ████            ████    ████            ████                     │
│             ████            ████    ████            ████                     │
│             ████████████            ████████████    ████████████             │
│             ████████████            ████████████    ████████████             │
│                     ████    ████            ████            ████             │
│                     ████    ████            ████            ████             │
│             ████████████            ████████████    ████████████             │
│             ████████████            ████████████    ████████████             │
│                                                                              │
│ [█████████░░░░░░░░░░░░░░░░░░░░░░░░░░░░░░░░░░░░░░░░░░│░░░░░░░░]  POI povoleno │
╰──────────────────────────────────────────────────────────────────────────────╯
Další: Místopremiér · OG 2                                                      
␣ pauza  ←/→ krok  +/- čas  r reset  b zvonek  ? nápověda                       