British Parliamentary              3 / 9
╭──────────────────────────────────────╮
│ Vůdce opozice · OO 1          ▶ běží │
│                                      │
│                 5:55                 │
│                                      │
│ [███░░░░░░░░░░░░░░│░░]  POI povoleno │
╰──────────────────────────────────────╯
Další: Místopremiér · OG 2              
␣ pauza  ←/→ krok  +/- čas  ? nápověda  